2026-08-04 17:55:28.236 Uvicorn server started on 127.0.0.1:8501

  You can now view your Streamlit app in your browser.

  URL: http://127.0.0.1:8501

  Help agents write better Streamlit apps?
  Install the official Streamlit skills by running streamlit skills in your terminal.

2026-08-04 17:55:29.584 Please replace `st.components.v1.html` with `st.iframe`.

`st.components.v1.html` will be removed after 2026-06-01.
2026-08-04 17:55:29.585 Please replace `st.components.v1.html` with `st.iframe`.

`st.components.v1.html` will be removed after 2026-06-01.
2026-08-04 17:56:13.272 Please replace `st.components.v1.html` with `st.iframe`.

`st.components.v1.html` will be removed after 2026-06-01.
2026-08-04 17:56:13.273 Please replace `st.components.v1.html` with `st.iframe`.

`st.components.v1.html` will be removed after 2026-06-01.
2026-08-04 17:56:13.290 Please replace `st.components.v1.html` with `st.iframe`.

`st.components.v1.html` will be removed after 2026-06-01.
2026-08-04 17:56:13.354 Please replace `st.components.v1.html` with `st.iframe`.

`st.components.v1.html` will be removed after 2026-06-01.
2026-08-04 17:56:15.601 Please replace `st.components.v1.html` with `st.iframe`.

`st.components.v1.html` will be removed after 2026-06-01.
  Stopping...
